<?xml version="1.0" encoding="UTF-8"?>
<TestRun id="67d5dd6c-15a2-4258-8adf-6e69b741c257" name="loshurik@ЛОШУРИК-НОУТ 2012-05-07 11:52:46" runUser="лошурик-ноут\loshurik" xmlns="http://microsoft.com/schemas/VisualStudio/TeamTest/2010">
  <TestSettings name="Default Test Settings" id="79044acc-1b80-40e0-87b4-343e75b81c96">
    <Deployment runDeploymentRoot="loshurik_ЛОШУРИК-НОУТ 2012-05-07 11_52_46">
      <DeploymentItem filename="G:\itr\Blank\Ninject.dll" />
      <DeploymentItem filename="G:\itr\Blank\Blank.Domain\bin\Debug\Blank.Domain.dll" />
      <DeploymentItem filename="G:\itr\Blank\Blank.WebUI\bin\Blank.WebUI.dll" />
      <DeploymentItem filename="G:\itr\Blank\Moq.dll" />
    </Deployment>
    <Execution>
      <TestTypeSpecific />
      <AgentRule name="Execution Agents">
      </AgentRule>
    </Execution>
  </TestSettings>
  <Times creation="2012-05-07T11:52:46.9582810+03:00" queuing="2012-05-07T11:52:49.5790856+03:00" start="2012-05-07T11:52:49.7194858+03:00" finish="2012-05-07T11:52:51.4510889+03:00" />
  <ResultSummary outcome="Failed">
    <Counters total="2" executed="2" passed="1" error="0" failed="1" timeout="0" aborted="0" inconclusive="0" passedButRunAborted="0" notRunnable="0" notExecuted="0" disconnected="0" warning="0" completed="0" inProgress="0" pending="0" />
  </ResultSummary>
  <TestDefinitions>
    <UnitTest name="Can_Paginate" storage="g:\itr\blank\blank.unittests\bin\debug\blank.unittests.dll" id="c6aab88c-5bf1-bbf8-ff25-743a77804df6">
      <Execution id="ee24389e-dc10-4a32-b93f-44118c686c4c" />
      <TestMethod codeBase="G:/itr/Blank/Blank.UnitTests/bin/Debug/Blank.UnitTests.DLL" adapterTypeName="Microsoft.VisualStudio.TestTools.TestTypes.Unit.UnitTestAdapter, Microsoft.VisualStudio.QualityTools.Tips.UnitTest.Adapter, Version=10.0.0.0, Culture=neutral, PublicKeyToken=b03f5f7f11d50a3a" className="Blank.UnitTests.CanPagingTest, Blank.UnitTests, Version=1.0.0.0, Culture=neutral, PublicKeyToken=null" name="Can_Paginate" />
    </UnitTest>
    <UnitTest name="Can_Generate_Page_Links" storage="g:\itr\blank\blank.unittests\bin\debug\blank.unittests.dll" id="69ba2e14-23a1-4f80-c934-19c2d18b60a3">
      <Execution id="93234ca0-f114-4fc2-a4c9-308fc9d78737" />
      <TestMethod codeBase="G:/itr/Blank/Blank.UnitTests/bin/Debug/Blank.UnitTests.DLL" adapterTypeName="Microsoft.VisualStudio.TestTools.TestTypes.Unit.UnitTestAdapter, Microsoft.VisualStudio.QualityTools.Tips.UnitTest.Adapter, Version=10.0.0.0, Culture=neutral, PublicKeyToken=b03f5f7f11d50a3a" className="Blank.UnitTests.HtmlHelperTest, Blank.UnitTests, Version=1.0.0.0, Culture=neutral, PublicKeyToken=null" name="Can_Generate_Page_Links" />
    </UnitTest>
  </TestDefinitions>
  <TestLists>
    <TestList name="Results Not in a List" id="8c84fa94-04c1-424b-9868-57a2d4851a1d" />
    <TestList name="All Loaded Results" id="19431567-8539-422a-85d7-44ee4e166bda" />
  </TestLists>
  <TestEntries>
    <TestEntry testId="69ba2e14-23a1-4f80-c934-19c2d18b60a3" executionId="93234ca0-f114-4fc2-a4c9-308fc9d78737" testListId="8c84fa94-04c1-424b-9868-57a2d4851a1d" />
    <TestEntry testId="c6aab88c-5bf1-bbf8-ff25-743a77804df6" executionId="ee24389e-dc10-4a32-b93f-44118c686c4c" testListId="8c84fa94-04c1-424b-9868-57a2d4851a1d" />
  </TestEntries>
  <Results>
    <UnitTestResult executionId="93234ca0-f114-4fc2-a4c9-308fc9d78737" testId="69ba2e14-23a1-4f80-c934-19c2d18b60a3" testName="Can_Generate_Page_Links" computerName="ЛОШУРИК-НОУТ" duration="00:00:00.0925204" startTime="2012-05-07T11:52:49.8130860+03:00" endTime="2012-05-07T11:52:50.9518880+03:00" testType="13cdc9d9-ddb5-4fa4-a97d-d965ccfc6d4b" outcome="Passed" testListId="8c84fa94-04c1-424b-9868-57a2d4851a1d" relativeResultsDirectory="93234ca0-f114-4fc2-a4c9-308fc9d78737">
    </UnitTestResult>
    <UnitTestResult executionId="ee24389e-dc10-4a32-b93f-44118c686c4c" testId="c6aab88c-5bf1-bbf8-ff25-743a77804df6" testName="Can_Paginate" computerName="ЛОШУРИК-НОУТ" duration="00:00:00.4385555" startTime="2012-05-07T11:52:50.9674880+03:00" endTime="2012-05-07T11:52:51.4042888+03:00" testType="13cdc9d9-ddb5-4fa4-a97d-d965ccfc6d4b" outcome="Failed" testListId="8c84fa94-04c1-424b-9868-57a2d4851a1d" relativeResultsDirectory="ee24389e-dc10-4a32-b93f-44118c686c4c">
      <Output>
        <ErrorInfo>
          <Message>Test method Blank.UnitTests.CanPagingTest.Can_Paginate threw exception: 
System.InvalidCastException: Не удалось привести тип объекта "Blank.WebUI.Models.UserListViewModel" к типу "System.Collections.Generic.IEnumerable`1[Blank.Domain.Entities.User]".</Message>
          <StackTrace>    в Blank.UnitTests.CanPagingTest.Can_Paginate() в G:\itr\Blank\Blank.UnitTests\CanPagingTest.cs:строка 34
</StackTrace>
        </ErrorInfo>
      </Output>
    </UnitTestResult>
  </Results>
</TestRun>